============================= test session starts =============================
platform win32 -- Python 3.14.0, pytest-9.0.2, pluggy-1.6.0
rootdir: C:\Users\adam\OneDrive\Documents\projects\gridrival-optimizer
collected 11 items

tests\test_optimizer.py FFF                                              [ 27%]
tests\test_predictor.py ........                                         [100%]

================================== FAILURES ===================================
_______________________ test_compute_salaries_clamping ________________________

    def test_compute_salaries_clamping():
        drivers_teams = pd.DataFrame([
            {'name': 'Driver Fast', 'type': 'DRIVER', 'salary': 10.0, 'code': 'A1'},
            {'name': 'Driver Slow', 'type': 'DRIVER', 'salary': 10.0, 'code': 'A1'},
            {'name': 'Team Good', 'type': 'TEAM', 'salary': 15.0, 'code': 'A1'},
            {'name': 'Team Bad', 'type': 'TEAM', 'salary': 15.0, 'code': 'A1'}
        ])
    
        # Mock e_points to force huge salary changes
        e_points = {
            ('Driver Fast', 1): 200.0, # Will be Rank 1 -> default ~30.0
            ('Driver Slow', 1): 0.0,   # Will be Rank 22 -> default ~5.0
            ('Team Good', 1): 200.0,   # Will be Rank 1 -> default ~28.0
            ('Team Bad', 1): 0.0       # Will be Rank 11 -> default ~4.0
        }
    
        salaries, deltas = compute_salaries(drivers_teams, e_points, start_round=1, horizon=1)
    
        # Driver max clamp is 2.0
        assert deltas[('Driver Fast', 1)] == 2.0
>       assert deltas[('Driver Slow', 1)] == -2.0
E       assert 2.0 == -2.0

tests\test_optimizer.py:26: AssertionError
_______________________ test_compute_salaries_rounding ________________________

    def test_compute_salaries_rounding():
        drivers_teams = pd.DataFrame([
            {'name': 'Driver Normal', 'type': 'DRIVER', 'salary': 15.0, 'code': 'A1'}
        ])
    
        # Force a specific rank. Rank 15 default is ~15.5
        # Let's say Rank 15 -> 15.5
        e_points = {('Driver Normal', 1): 50.0}
        salaries, deltas = compute_salaries(drivers_teams, e_points, start_round=1, horizon=1)
    
        # default 15.5 - 15.0 = 0.5 diff. Divided by 4 = 0.125
        # GridRival rule: Round down to nearest 0.1 -> 0.1
>       assert deltas[('Driver Normal', 1)] == 0.1
E       assert 2.0 == 0.1

tests\test_optimizer.py:44: AssertionError
_____________________ test_run_optimizer_basic_execution ______________________

    def test_run_optimizer_basic_execution():
        drivers_teams = pd.DataFrame([
            {'name': f'Driver_{i}', 'type': 'DRIVER', 'salary': 10.0, 'code': 'A1'} for i in range(10)
        ] + [
            {'name': 'Team_X', 'type': 'TEAM', 'salary': 15.0, 'code': 'A1'}
        ])
    
        hist_perf = pd.DataFrame() # empty fallback
    
        res = run_optimizer(drivers_teams, hist_perf, pd.DataFrame(), start_round=1, horizon=2)
    
        # Just mathematically verify it executed without crashing and built an active roster
        assert res is not None
>       assert 'x' in res
E       assert 'x' in {'error': "KeyError in compute_salaries: ('Driver_0', 1)"}

tests\test_optimizer.py:59: AssertionError
---------------------------- Captured stdout call -----------------------------
Error fetching from OpenF1: string indices must be integers, not 'str'
KeyError in compute_salaries: ('Driver_0', 1)
=========================== short test summary info ===========================
FAILED tests/test_optimizer.py::test_compute_salaries_clamping - assert 2.0 =...
FAILED tests/test_optimizer.py::test_compute_salaries_rounding - assert 2.0 =...
FAILED tests/test_optimizer.py::test_run_optimizer_basic_execution - assert '...
========================= 3 failed, 8 passed in 5.40s =========================
